   1              	gcc2_compiled.:
   2              	___gnu_compiled_cplusplus
   3              		stabs "/home/elex8030/jseo/tec/",100,0,0,Ltext0
   4              		stabs "chipio.cc",100,0,0,Ltext0
   5              	
   6              		section	.text
   7              	
   8              	Ltext0	stabs "int:t1=r1;-32768;32767;",128,0,0,0
   9              		stabs "char:t2=r2;0;255;",128,0,0,0
  10              		stabs "long int:t3=r1;0020000000000;0017777777777;",128,0,0,0
  11              		stabs "unsigned int:t4=r4;0;65535;",128,0,0,0
  12              		stabs "long unsigned int:t5=r1;0000000000000;0037777777777;",128,0,0,0
  13              		stabs "long long int:t6=r1;0020000000000;0017777777777;",128,0,0,0
  14              		stabs "long long unsigned int:t7=r1;0000000000000;0037777777777;",128,0,0,0
  15              		stabs "short int:t8=r8;-32768;32767;",128,0,0,0
  16              		stabs "short unsigned int:t9=r9;0;65535;",128,0,0,0
  17              		stabs "signed char:t10=r10;-128;127;",128,0,0,0
  18              		stabs "unsigned char:t11=r11;0;255;",128,0,0,0
  19              		stabs "float:t12=r1;4;0;",128,0,0,0
  20              		stabs "double:t13=r1;4;0;",128,0,0,0
  21              		stabs "long double:t14=r1;4;0;",128,0,0,0
  22              		stabs "complex int:t15=s4real:1,0,16;imag:1,16,16;;",128,0,0,0
  23              		stabs "complex float:t16=r16;4;0;",128,0,0,0
  24              		stabs "complex double:t17=r17;4;0;",128,0,0,0
  25              		stabs "complex long double:t18=r18;4;0;",128,0,0,0
  26              		stabs "bool:t19=@s8;-16;",128,0,0,0
  27              		stabs "void:t20=20",128,0,0,0
  28              		stabs "__wchar_t:t21=r21;-32768;32767;",128,0,0,0
  29              		stabs "__vtbl_ptr_type:t22=*23=f1",128,0,0,0
  30              		stabs "IoMask:t1",128,0,39,0
  31              		stabs "pwmreg:T24=u2byte:25=ar0;0;1;2,0,16;word:4,0,16;\\",128,0,0,0
  32              		stabs "__as::26=##27=&24;:RC6pwmreg;2A.;pwmreg::28=##29=*24;:RC6pwmreg;2A.30=##29;:;2A.;;",128,0,0
  33              		stabs "pwmreg:Tt24",128,0,429,0
  34              		stabs "sciport:Tt31=s8scbd:1,0,16;sccr1:2,16,8;\\",128,0,0,0
  35              		stabs "loops:/21:loops;woms:/21:woms;rsrc:/21:rsrc;\\",128,0,0,0
  36              		stabs "m:/21:m;wake:/21:wake;ilt:/21:ilt;\\",128,0,0,0
  37              		stabs "pe:/21:pe;pt:/21:pt;sccr2:2,24,8;\\",128,0,0,0
  38              		stabs "tie:/21:tie;tcie:/21:tcie;rie:/21:rie;\\",128,0,0,0
  39              		stabs "ilie:/21:ilie;te:/21:te;re:/21:re;\\",128,0,0,0
  40              		stabs "rwu:/21:rwu;sbk:/21:sbk;scsr1:2,32,8;\\",128,0,0,0
  41              		stabs "tdre:/21:tdre;tc:/21:tc;rdrf:/21:rdrf;\\",128,0,0,0
  42              		stabs "idle:/21:idle;or:/21:or;nf:/21:nf;\\",128,0,0,0
  43              		stabs "fe:/21:fe;pf:/21:pf;scsr2:2,40,8;\\",128,0,0,0
  44              		stabs "raf:/21:raf;scdrh:2,48,8;r8:/21:r8;\\",128,0,0,0
  45              		stabs "t8:/21:t8;scdrl:2,56,8;__as::32=##33=&31;:RC7sciport;2A.;\\",128,0,0,0
  46              		stabs "sciport::34=##35=*31;:RC7sciport;2A.36=##35;:;2A.;;",128,0,637,0
  47              		stabs "spiport:Tt37=s6spcr1:2,0,8;spie:/21:spie;\\",128,0,0,0
  48              		stabs "spe:/21:spe;swom:/21:swom;mstr:/21:mstr;\\",128,0,0,0
  49              		stabs "cpol:/21:cpol;cpha:/21:cpha;ssoe:/21:ssoe;\\",128,0,0,0
  50              		stabs "lsbf:/21:lsbf;spcr2:2,8,8;pups:/21:pups;\\",128,0,0,0
  51              		stabs "rds:/21:rds;spc0:/21:spc0;spbr:2,16,8;\\",128,0,0,0
  52              		stabs "spr31:/21:spr31;spr62:/21:spr62;spr125:/21:spr125;\\",128,0,0,0
  53              		stabs "spr250:/21:spr250;spr500:/21:spr500;\\",128,0,0,0
  54              		stabs "spr1000:/21:spr1000;spr2000:/21:spr2000;\\",128,0,0,0
  55              		stabs "spr4000:/21:spr4000;spsr:2,24,8;spif:/21:spif;\\",128,0,0,0
  56              		stabs "wcol:/21:wcol;modf:/21:modf;rsvd4:2,32,8;\\",128,0,0,0
  57              		stabs "spdr:2,40,8;__as::38=##39=&37;:RC7spiport;2A.;spiport::40=##41=*37;:RC7spiport;2A.\\",128,0
  58              		stabs "42=##41;:;2A.;;",128,0,690,0
  59              	
  60              		global	_porta
  61              		section	.io
  62              		stabs "porta:G2",32,0,44,0
  63              	_porta
  64 0000 00       		dcb.b	1,0
  65              	
  66              		global	_portb
  67              		stabs "portb:G2",32,0,45,0
  68              	_portb
  69 0001 00       		dcb.b	1,0
  70              	
  71              		global	_ddra
  72              		stabs "ddra:G2",32,0,46,0
  73              	_ddra
  74 0002 00       		dcb.b	1,0
  75              	
  76              		global	_ddrb
  77              		stabs "ddrb:G2",32,0,47,0
  78              	_ddrb
  79 0003 00       		dcb.b	1,0
  80              	
  81              		global	_rsvd04
  82              		stabs "rsvd04:G43=ar0;0;3;2",32,0,56,0
  83              	_rsvd04
  84 0004 00000000 		dcb.b	4,0
  85              	
  86              		global	_porte
  87              		stabs "porte:G2",32,0,58,0
  88              	_porte
  89 0008 00       		dcb.b	1,0
  90              	
  91              		global	_ddre
  92              		stabs "ddre:G2",32,0,59,0
  93              	_ddre
  94 0009 00       		dcb.b	1,0
  95              	
  96              		global	_pear
  97              		stabs "pear:G2",32,0,61,0
  98              	_pear
  99 000a 00       		dcb.b	1,0
 100              	
 101              		global	_moder
 102              		stabs "moder:G2",32,0,77,0
 103              	_moder
 104 000b 00       		dcb.b	1,0
 105              	
 106              		global	_pucr
 107              		stabs "pucr:G2",32,0,94,0
 108              	_pucr
 109 000c 00       		dcb.b	1,0
 110              	
 111              		global	_rdriv
 112              		stabs "rdriv:G2",32,0,108,0
 113              	_rdriv
 114 000d 00       		dcb.b	1,0
 115              	
 116              		global	_rsvd0E
 117              		stabs "rsvd0E:G25",32,0,125,0
 118              	_rsvd0E
 119 000e 0000     		dcb.b	2,0
 120              	
 121              		global	_initrm
 122              		stabs "initrm:G2",32,0,130,0
 123              	_initrm
 124 0010 00       		dcb.b	1,0
 125              	
 126              		global	_initrg
 127              		stabs "initrg:G2",32,0,131,0
 128              	_initrg
 129 0011 00       		dcb.b	1,0
 130              	
 131              		global	_initee
 132              		stabs "initee:G2",32,0,135,0
 133              	_initee
 134 0012 00       		dcb.b	1,0
 135              	
 136              		global	_misc
 137              		stabs "misc:G2",32,0,138,0
 138              	_misc
 139 0013 00       		dcb.b	1,0
 140              	
 141              		global	_rtictl
 142              		stabs "rtictl:G2",32,0,161,0
 143              	_rtictl
 144 0014 00       		dcb.b	1,0
 145              	
 146              		global	_rtiflg
 147              		stabs "rtiflg:G2",32,0,162,0
 148              	_rtiflg
 149 0015 00       		dcb.b	1,0
 150              	
 151              		global	_copctl
 152              		stabs "copctl:G2",32,0,180,0
 153              	_copctl
 154 0016 00       		dcb.b	1,0
 155              	
 156              		global	_coprst
 157              		stabs "coprst:G2",32,0,196,0
 158              	_coprst
 159 0017 00       		dcb.b	1,0
 160              	
 161              		global	_itst0
 162              		stabs "itst0:G2",32,0,207,0
 163              	_itst0
 164 0018 00       		dcb.b	1,0
 165              	
 166              		global	_itst1
 167              		stabs "itst1:G2",32,0,208,0
 168              	_itst1
 169 0019 00       		dcb.b	1,0
 170              	
 171              		global	_itst2
 172              		stabs "itst2:G2",32,0,209,0
 173              	_itst2
 174 001a 00       		dcb.b	1,0
 175              	
 176              		global	_itst3
 177              		stabs "itst3:G2",32,0,210,0
 178              	_itst3
 179 001b 00       		dcb.b	1,0
 180              	
 181              		global	_rsvd1C
 182              		stabs "rsvd1C:G25",32,0,212,0
 183              	_rsvd1C
 184 001c 0000     		dcb.b	2,0
 185              	
 186              		global	_intcr
 187              		stabs "intcr:G2",32,0,217,0
 188              	_intcr
 189 001e 00       		dcb.b	1,0
 190              	
 191              		global	_hprio
 192              		stabs "hprio:G2",32,0,222,0
 193              	_hprio
 194 001f 00       		dcb.b	1,0
 195              	
 196              		global	_brkct0
 197              		stabs "brkct0:G2",32,0,359,0
 198              	_brkct0
 199 0020 00       		dcb.b	1,0
 200              	
 201              		global	_brkct1
 202              		stabs "brkct1:G2",32,0,368,0
 203              	_brkct1
 204 0021 00       		dcb.b	1,0
 205              	
 206              		global	_brka
 207              		stabs "brka:G4",32,0,377,0
 208              	_brka
 209 0022 0000     		dcb.b	2,0
 210              	
 211              		global	_brkd
 212              		stabs "brkd:G4",32,0,378,0
 213              	_brkd
 214 0024 0000     		dcb.b	2,0
 215              	
 216              		global	_rsvd26
 217              		stabs "rsvd26:G44=ar0;0;25;2",32,0,380,0
 218              	_rsvd26
 219 0026 00000000 		dcb.b	26,0
 219      00000000 
 219      00000000 
 219      00000000 
 219      00000000 
 220              	
 221              		global	_pwmclk
 222              		stabs "pwmclk:G2",32,0,387,0
 223              	_pwmclk
 224 0040 00       		dcb.b	1,0
 225              	
 226              		global	_pwpol
 227              		stabs "pwpol:G2",32,0,401,0
 228              	_pwpol
 229 0041 00       		dcb.b	1,0
 230              	
 231              		global	_pwen
 232              		stabs "pwen:G2",32,0,411,0
 233              	_pwen
 234 0042 00       		dcb.b	1,0
 235              	
 236              		global	_pwpres
 237              		stabs "pwpres:G2",32,0,417,0
 238              	_pwpres
 239 0043 00       		dcb.b	1,0
 240              	
 241              		global	_pwscal0
 242              		stabs "pwscal0:G2",32,0,419,0
 243              	_pwscal0
 244 0044 00       		dcb.b	1,0
 245              	
 246              		global	_pwscnt0
 247              		stabs "pwscnt0:G2",32,0,420,0
 248              	_pwscnt0
 249 0045 00       		dcb.b	1,0
 250              	
 251              		global	_pwscal1
 252              		stabs "pwscal1:G2",32,0,422,0
 253              	_pwscal1
 254 0046 00       		dcb.b	1,0
 255              	
 256              		global	_pwscnt1
 257              		stabs "pwscnt1:G2",32,0,423,0
 258              	_pwscnt1
 259 0047 00       		dcb.b	1,0
 260              	
 261              		global	_pwcnt01
 262              		stabs "pwcnt01:G24",32,0,431,0
 263              	_pwcnt01
 264 0048 0000     		dcb.b	2,0
 265              	
 266              		global	_pwcnt23
 267              		stabs "pwcnt23:G24",32,0,432,0
 268              	_pwcnt23
 269 004a 0000     		dcb.b	2,0
 270              	
 271              		global	_pwper01
 272              		stabs "pwper01:G24",32,0,434,0
 273              	_pwper01
 274 004c 0000     		dcb.b	2,0
 275              	
 276              		global	_pwper23
 277              		stabs "pwper23:G24",32,0,435,0
 278              	_pwper23
 279 004e 0000     		dcb.b	2,0
 280              	
 281              		global	_pwdty01
 282              		stabs "pwdty01:G24",32,0,437,0
 283              	_pwdty01
 284 0050 0000     		dcb.b	2,0
 285              	
 286              		global	_pwdty23
 287              		stabs "pwdty23:G24",32,0,438,0
 288              	_pwdty23
 289 0052 0000     		dcb.b	2,0
 290              	
 291              		global	_pwctl
 292              		stabs "pwctl:G2",32,0,440,0
 293              	_pwctl
 294 0054 00       		dcb.b	1,0
 295              	
 296              		global	_pwtst
 297              		stabs "pwtst:G2",32,0,447,0
 298              	_pwtst
 299 0055 00       		dcb.b	1,0
 300              	
 301              		global	_portp
 302              		stabs "portp:G2",32,0,449,0
 303              	_portp
 304 0056 00       		dcb.b	1,0
 305              	
 306              		global	_ddrp
 307              		stabs "ddrp:G2",32,0,450,0
 308              	_ddrp
 309 0057 00       		dcb.b	1,0
 310              	
 311              		global	_rsvd58
 312              		stabs "rsvd58:G45=ar0;0;7;2",32,0,452,0
 313              	_rsvd58
 314 0058 00000000 		dcb.b	8,0
 314      00000000 
 315              	
 316              		global	_atdctl0
 317              		stabs "atdctl0:G2",32,0,458,0
 318              	_atdctl0
 319 0060 00       		dcb.b	1,0
 320              	
 321              		global	_atdctl1
 322              		stabs "atdctl1:G2",32,0,459,0
 323              	_atdctl1
 324 0061 00       		dcb.b	1,0
 325              	
 326              		global	_atdctl2
 327              		stabs "atdctl2:G2",32,0,461,0
 328              	_atdctl2
 329 0062 00       		dcb.b	1,0
 330              	
 331              		global	_atdctl3
 332              		stabs "atdctl3:G2",32,0,468,0
 333              	_atdctl3
 334 0063 00       		dcb.b	1,0
 335              	
 336              		global	_atdctl4
 337              		stabs "atdctl4:G2",32,0,472,0
 338              	_atdctl4
 339 0064 00       		dcb.b	1,0
 340              	
 341              		global	_atdctl5
 342              		stabs "atdctl5:G2",32,0,486,0
 343              	_atdctl5
 344 0065 00       		dcb.b	1,0
 345              	
 346              		global	_atdstat0
 347              		stabs "atdstat0:G2",32,0,491,0
 348              	_atdstat0
 349 0066 00       		dcb.b	1,0
 350              	
 351              		global	_atdstat1
 352              		stabs "atdstat1:G2",32,0,495,0
 353              	_atdstat1
 354 0067 00       		dcb.b	1,0
 355              	
 356              		global	_atdtst
 357              		stabs "atdtst:G4",32,0,497,0
 358              	_atdtst
 359 0068 0000     		dcb.b	2,0
 360              	
 361              		global	_rsvd6A
 362              		stabs "rsvd6A:G46=ar0;0;4;2",32,0,499,0
 363              	_rsvd6A
 364 006a 00000000 		dcb.b	5,0
 364      00
 365              	
 366              		global	_portad
 367              		stabs "portad:G2",32,0,501,0
 368              	_portad
 369 006f 00       		dcb.b	1,0
 370              	
 371              		global	_adr0
 372              		stabs "adr0:G4",32,0,503,0
 373              	_adr0
 374 0070 0000     		dcb.b	2,0
 375              	
 376              		global	_adr1
 377              		stabs "adr1:G4",32,0,504,0
 378              	_adr1
 379 0072 0000     		dcb.b	2,0
 380              	
 381              		global	_adr2
 382              		stabs "adr2:G4",32,0,505,0
 383              	_adr2
 384 0074 0000     		dcb.b	2,0
 385              	
 386              		global	_adr3
 387              		stabs "adr3:G4",32,0,506,0
 388              	_adr3
 389 0076 0000     		dcb.b	2,0
 390              	
 391              		global	_adr4
 392              		stabs "adr4:G4",32,0,507,0
 393              	_adr4
 394 0078 0000     		dcb.b	2,0
 395              	
 396              		global	_adr5
 397              		stabs "adr5:G4",32,0,508,0
 398              	_adr5
 399 007a 0000     		dcb.b	2,0
 400              	
 401              		global	_adr6
 402              		stabs "adr6:G4",32,0,509,0
 403              	_adr6
 404 007c 0000     		dcb.b	2,0
 405              	
 406              		global	_adr7
 407              		stabs "adr7:G4",32,0,510,0
 408              	_adr7
 409 007e 0000     		dcb.b	2,0
 410              	
 411              		global	_tios
 412              		stabs "tios:G2",32,0,515,0
 413              	_tios
 414 0080 00       		dcb.b	1,0
 415              	
 416              		global	_cforc
 417              		stabs "cforc:G2",32,0,516,0
 418              	_cforc
 419 0081 00       		dcb.b	1,0
 420              	
 421              		global	_oc7m
 422              		stabs "oc7m:G2",32,0,517,0
 423              	_oc7m
 424 0082 00       		dcb.b	1,0
 425              	
 426              		global	_oc7d
 427              		stabs "oc7d:G2",32,0,518,0
 428              	_oc7d
 429 0083 00       		dcb.b	1,0
 430              	
 431              		global	_tcnt
 432              		stabs "tcnt:G4",32,0,520,0
 433              	_tcnt
 434 0084 0000     		dcb.b	2,0
 435              	
 436              		global	_tscr
 437              		stabs "tscr:G2",32,0,522,0
 438              	_tscr
 439 0086 00       		dcb.b	1,0
 440              	
 441              		global	_tqcr
 442              		stabs "tqcr:G2",32,0,528,0
 443              	_tqcr
 444 0087 00       		dcb.b	1,0
 445              	
 446              		global	_tctl1
 447              		stabs "tctl1:G4",32,0,530,0
 448              	_tctl1
 449 0088 0000     		dcb.b	2,0
 450              	
 451              		global	_tctl3
 452              		stabs "tctl3:G4",32,0,534,0
 453              	_tctl3
 454 008a 0000     		dcb.b	2,0
 455              	
 456              		global	_tmsk1
 457              		stabs "tmsk1:G2",32,0,538,0
 458              	_tmsk1
 459 008c 00       		dcb.b	1,0
 460              	
 461              		global	_tmsk2
 462              		stabs "tmsk2:G2",32,0,540,0
 463              	_tmsk2
 464 008d 00       		dcb.b	1,0
 465              	
 466              		global	_tflg1
 467              		stabs "tflg1:G2",32,0,553,0
 468              	_tflg1
 469 008e 00       		dcb.b	1,0
 470              	
 471              		global	_tflg2
 472              		stabs "tflg2:G2",32,0,555,0
 473              	_tflg2
 474 008f 00       		dcb.b	1,0
 475              	
 476              		global	_tc0
 477              		stabs "tc0:G4",32,0,558,0
 478              	_tc0
 479 0090 0000     		dcb.b	2,0
 480              	
 481              		global	_tc1
 482              		stabs "tc1:G4",32,0,559,0
 483              	_tc1
 484 0092 0000     		dcb.b	2,0
 485              	
 486              		global	_tc2
 487              		stabs "tc2:G4",32,0,560,0
 488              	_tc2
 489 0094 0000     		dcb.b	2,0
 490              	
 491              		global	_tc3
 492              		stabs "tc3:G4",32,0,561,0
 493              	_tc3
 494 0096 0000     		dcb.b	2,0
 495              	
 496              		global	_tc4
 497              		stabs "tc4:G4",32,0,562,0
 498              	_tc4
 499 0098 0000     		dcb.b	2,0
 500              	
 501              		global	_tc5
 502              		stabs "tc5:G4",32,0,563,0
 503              	_tc5
 504 009a 0000     		dcb.b	2,0
 505              	
 506              		global	_tc6
 507              		stabs "tc6:G4",32,0,564,0
 508              	_tc6
 509 009c 0000     		dcb.b	2,0
 510              	
 511              		global	_tc7
 512              		stabs "tc7:G4",32,0,565,0
 513              	_tc7
 514 009e 0000     		dcb.b	2,0
 515              	
 516              		global	_pactl
 517              		stabs "pactl:G2",32,0,567,0
 518              	_pactl
 519 00a0 00       		dcb.b	1,0
 520              	
 521              		global	_paflg
 522              		stabs "paflg:G2",32,0,578,0
 523              	_paflg
 524 00a1 00       		dcb.b	1,0
 525              	
 526              		global	_pacnt
 527              		stabs "pacnt:G4",32,0,582,0
 528              	_pacnt
 529 00a2 0000     		dcb.b	2,0
 530              	
 531              		global	_rsvdA4
 532              		stabs "rsvdA4:G47=ar0;0;8;2",32,0,584,0
 533              	_rsvdA4
 534 00a4 00000000 		dcb.b	9,0
 534      00000000 
 534      00
 535              	
 536              		global	_timtst
 537              		stabs "timtst:G2",32,0,585,0
 538              	_timtst
 539 00ad 00       		dcb.b	1,0
 540              	
 541              		global	_portt
 542              		stabs "portt:G2",32,0,587,0
 543              	_portt
 544 00ae 00       		dcb.b	1,0
 545              	
 546              		global	_ddrt
 547              		stabs "ddrt:G2",32,0,588,0
 548              	_ddrt
 549 00af 00       		dcb.b	1,0
 550              	
 551              		global	_rsvdB0
 552              		stabs "rsvdB0:G48=ar0;0;15;2",32,0,590,0
 553              	_rsvdB0
 554 00b0 00000000 		dcb.b	16,0
 554      00000000 
 554      00000000 
 554      00000000 
 555              	
 556              		global	_sci0
 557              		stabs "sci0:G31",32,0,639,0
 558              	_sci0
 559 00c0 00000000 		dcb.b	8,0
 559      00000000 
 560              	
 561              		global	_rsvdC8
 562              		stabs "rsvdC8:G45",32,0,644,0
 563              	_rsvdC8
 564 00c8 00000000 		dcb.b	8,0
 564      00000000 
 565              	
 566              		global	_spi0
 567              		stabs "spi0:G37",32,0,692,0
 568              	_spi0
 569 00d0 00000000 		dcb.b	6,0
 569      0000
 570              	
 571              		global	_ports
 572              		stabs "ports:G2",32,0,694,0
 573              	_ports
 574 00d6 00       		dcb.b	1,0
 575              	
 576              		global	_ddrs
 577              		stabs "ddrs:G2",32,0,695,0
 578              	_ddrs
 579 00d7 00       		dcb.b	1,0
 580              	
 581              		global	_rsvdD8
 582              		stabs "rsvdD8:G49=ar0;0;2;2",32,0,701,0
 583              	_rsvdD8
 584 00d8 000000   		dcb.b	3,0
 585              	
 586              		global	_purds
 587              		stabs "purds:G2",32,0,703,0
 588              	_purds
 589 00db 00       		dcb.b	1,0
 590              	
 591              		global	_rsvdDC
 592              		stabs "rsvdDC:G43",32,0,711,0
 593              	_rsvdDC
 594 00dc 00000000 		dcb.b	4,0
 595              	
 596              		global	_rsvdE0
 597              		stabs "rsvdE0:G48",32,0,714,0
 598              	_rsvdE0
 599 00e0 00000000 		dcb.b	16,0
 599      00000000 
 599      00000000 
 599      00000000 
 600              	
 601              		global	_eemcr
 602              		stabs "eemcr:G2",32,0,719,0
 603              	_eemcr
 604 00f0 00       		dcb.b	1,0
 605              	
 606              		global	_eeprot
 607              		stabs "eeprot:G2",32,0,726,0
 608              	_eeprot
 609 00f1 00       		dcb.b	1,0
 610              	
 611              		global	_eetst
 612              		stabs "eetst:G2",32,0,737,0
 613              	_eetst
 614 00f2 00       		dcb.b	1,0
 615              	
 616              		global	_eeprog
 617              		stabs "eeprog:G2",32,0,739,0
 618              	_eeprog
 619 00f3 00       		dcb.b	1,0
 620              	
 621              		global	_feelck
 622              		stabs "feelck:G2",32,0,752,0
 623              	_feelck
 624 00f4 00       		dcb.b	1,0
 625              	
 626              		global	_feemcr
 627              		stabs "feemcr:G2",32,0,755,0
 628              	_feemcr
 629 00f5 00       		dcb.b	1,0
 630              	
 631              		global	_feetst
 632              		stabs "feetst:G2",32,0,758,0
 633              	_feetst
 634 00f6 00       		dcb.b	1,0
 635              	
 636              		global	_feectl
 637              		stabs "feectl:G2",32,0,760,0
 638              	_feectl
 639 00f7 00       		dcb.b	1,0
 640              	
 641              		global	_bcr1
 642              		stabs "bcr1:G2",32,0,772,0
 643              	_bcr1
 644 00f8 00       		dcb.b	1,0
 645              	
 646              		global	_bcr2
 647              		stabs "bcr2:G2",32,0,782,0
 648              	_bcr2
 649 00f9 00       		dcb.b	1,0
 650              	
 651              		global	_bsvr
 652              		stabs "bsvr:G2",32,0,792,0
 653              	_bsvr
 654 00fa 00       		dcb.b	1,0
 655              	
 656              		global	_bdr
 657              		stabs "bdr:G2",32,0,803,0
 658              	_bdr
 659 00fb 00       		dcb.b	1,0
 660              	
 661              		global	_bard
 662              		stabs "bard:G2",32,0,805,0
 663              	_bard
 664 00fc 00       		dcb.b	1,0
 665              	
 666              		global	_dlcscr
 667              		stabs "dlcscr:G2",32,0,810,0
 668              	_dlcscr
 669 00fd 00       		dcb.b	1,0
 670              	
 671              		global	_portdlc
 672              		stabs "portdlc:G2",32,0,815,0
 673              	_portdlc
 674 00fe 00       		dcb.b	1,0
 675              	
 676              		global	_ddrdlc
 677              		stabs "ddrdlc:G2",32,0,816,0
 678              	_ddrdlc
 679 00ff 00       		dcb.b	1,0
 680              	
 681              	
 682              		end
