Archive member included       because of file (symbol)

iostream.a(streambuf_in_avail.o)
                              HC12SciBuf.o (streambuf::in_avail(void))
iostream.a(streambuf_seekoff.o)
                              HC12SciBuf.o (streambuf::seekoff(int, ios::seek_dir, int))
iostream.a(streambuf_seekpos.o)
                              HC12SciBuf.o (streambuf::seekpos(int, int))
iostream.a(streambuf_xsputn.o)
                              HC12SciBuf.o (streambuf::xsputn(char const *, int))
iostream.a(streambuf_xsgetn.o)
                              HC12SciBuf.o (streambuf::xsgetn(char *, int))
iostream.a(streambuf_putbackfail.o)
                              HC12SciBuf.o (streambuf::pbackfail(int))
iostream.a(manip_setw.o)      main.o (setw(int))
iostream.a(istream_rs_charp.o)
                              main.o (istream::operator>>(char *))
iostream.a(strcmp.o)          main.o (strcmp(char const *, char const *))
iostream.a(manip_endl.o)      main.o (endl(ostream &))
iostream.a(ostream_ls_charp.o)
                              main.o (ostream::operator<<(char const *))
iostream.a(ostream_ls_int.o)  main.o (ostream::operator<<(int))
iostream.a(ostream_ls_float.o)
                              main.o (ostream::operator<<(float))
iostream.a(ostream_ls_ulong.o)
                              main.o (ostream::operator<<(unsigned long))
iostream.a(ostream_ctor_streambuf.o)
                              main.o (ostream::ostream(int, streambuf *))
iostream.a(manip_flush.o)     main.o (flush(ostream &))
iostream.a(istrstream_ctor_charp.o)
                              main.o (istrstream::istrstream(int, char *))
iostream.a(istrstream_dtor.o)
                              main.o (istrstream::~istrstream(void))
iostream.a(istream_ctor_streambuf.o)
                              main.o (istream::istream(int, streambuf *))
iostream.a(istream_get.o)     main.o (istream::get(void))
iostream.a(ostream_dtor.o)    main.o (ostream::~ostream(void))
iostream.a(istream_dtor.o)    main.o (istream::~istream(void))
iostream.a(isprint.o)         main.o (isprint(int))
iostream.a(ostream_ls_char.o)
                              main.o (ostream::operator<<(char))
iostream.a(istream_rs_float.o)
                              main.o (istream::operator>>(float &))
iostream.a(manip_hex.o)       main.o (hex(ios &))
iostream.a(istream_rs_uint.o)
                              main.o (istream::operator>>(unsigned int &))
iostream.a(ostream_ls_uint.o)
                              main.o (ostream::operator<<(unsigned int))
iostream.a(memcpy.o)          main.o (memcpy)
iostream.a(manip_ws.o)        main.o (ws(istream &))
iostream.a(streambuf_ctor.o)  SciBuf.o (streambuf::streambuf(void))
iostream.a(streambuf_setg.o)  SciBuf.o (streambuf::setg(char *, char *, char *))
iostream.a(streambuf_setp.o)  SciBuf.o (streambuf::setp(char *, char *))
iostream.a(streambuf_dtor.o)  SciBuf.o (streambuf::~streambuf(void))
iostream.a(streambuf_sputc.o)
                              SciBuf.o (streambuf::sputc(int))
iostream.a(istream_ipfx.o)    iostream.a(istream_rs_charp.o) (istream::ipfx(int))
iostream.a(streambuf_sgetc.o)
                              iostream.a(istream_rs_charp.o) (streambuf::sgetc(void))
iostream.a(isspace.o)         iostream.a(istream_rs_charp.o) (isspace(int))
iostream.a(streambuf_snextc.o)
                              iostream.a(istream_rs_charp.o) (streambuf::snextc(void))
iostream.a(ostream_put.o)     iostream.a(manip_endl.o) (ostream::put(char))
iostream.a(ostream_flush.o)   iostream.a(manip_endl.o) (ostream::flush(void))
iostream.a(ostream_opfx.o)    iostream.a(ostream_ls_charp.o) (ostream::opfx(void))
iostream.a(ostream_puts.o)    iostream.a(ostream_ls_charp.o) (ostream::puts(char const *, char const *))
iostream.a(ostream_osfx.o)    iostream.a(ostream_ls_charp.o) (ostream::osfx(void))
iostream.a(ostream_puti.o)    iostream.a(ostream_ls_int.o) (ostream::puti(unsigned int, int))
iostream.a(ostream_putl.o)    iostream.a(ostream_ls_ulong.o) (ostream::putl(unsigned long, int))
iostream.a(ios_ctor_streambuf.o)
                              iostream.a(ostream_ctor_streambuf.o) (ios::ios(streambuf *))
iostream.a(ios_ctor.o)        iostream.a(istrstream_ctor_charp.o) (ios::ios(void))
iostream.a(strstreambase_ctor_buf.o)
                              iostream.a(istrstream_ctor_charp.o) (strstreambase::strstreambase(int, char *, int, char *))
iostream.a(strstreambase_dtor.o)
                              iostream.a(istrstream_dtor.o) (strstreambase::~strstreambase(void))
iostream.a(ios_dtor.o)        iostream.a(istrstream_dtor.o) (ios::~ios(void))
iostream.a(streambuf_sbumpc.o)
                              iostream.a(istream_get.o) (streambuf::sbumpc(void))
iostream.a(isdigit.o)         iostream.a(istream_rs_float.o) (isdigit(int))
iostream.a(istream_rs_int.o)  iostream.a(istream_rs_uint.o) (istream::operator>>(int &))
iostream.a(streambuf_sync.o)  iostream.a(streambuf_dtor.o) (streambuf::sync(void))
iostream.a(streambuf_overflow.o)
                              iostream.a(streambuf_dtor.o) (streambuf::overflow(int))
iostream.a(streambuf_underflow.o)
                              iostream.a(streambuf_dtor.o) (streambuf::underflow(void))
iostream.a(streambuf_stossc.o)
                              iostream.a(istream_ipfx.o) (streambuf::stossc(void))
iostream.a(strlen.o)          iostream.a(ostream_puts.o) (strlen(char const *))
iostream.a(strcpy.o)          iostream.a(ostream_puti.o) (strcpy(char *, char const *))
iostream.a(ios_init.o)        iostream.a(ios_ctor_streambuf.o) (ios::init(streambuf *, ostream *))
iostream.a(strstreambuf_ctor_buf.o)
                              iostream.a(strstreambase_ctor_buf.o) (strstreambuf::strstreambuf(char *, int, char *))
iostream.a(strstreambuf_dtor.o)
                              iostream.a(strstreambase_dtor.o) (strstreambuf::~strstreambuf(void))
iostream.a(tolower.o)         iostream.a(istream_rs_int.o) (tolower(int))
iostream.a(strstreambuf_init.o)
                              iostream.a(strstreambuf_ctor_buf.o) (strstreambuf::init(char *, int, char *))
iostream.a(strstreambuf_overflow.o)
                              iostream.a(strstreambuf_dtor.o) (strstreambuf::overflow(int))
iostream.a(strstreambuf_underflow.o)
                              iostream.a(strstreambuf_dtor.o) (strstreambuf::underflow(void))
iostream.a(streambuf_setb.o)  iostream.a(strstreambuf_init.o) (streambuf::setb(char *, char *, int))
/usr/local/lib/gcc-lib/hc12-coff/2.8.1/libgcc.a(flthisf.o)
                              main.o (__hc12_floathisf)
/usr/local/lib/gcc-lib/hc12-coff/2.8.1/libgcc.a(mulsf.o)
                              main.o (__hc12_mulsf)
/usr/local/lib/gcc-lib/hc12-coff/2.8.1/libgcc.a(tstsf.o)
                              main.o (__hc12_tstsf)
/usr/local/lib/gcc-lib/hc12-coff/2.8.1/libgcc.a(subsf.o)
                              main.o (__hc12_subsf)
/usr/local/lib/gcc-lib/hc12-coff/2.8.1/libgcc.a(addsf.o)
                              main.o (__hc12_addsf)
/usr/local/lib/gcc-lib/hc12-coff/2.8.1/libgcc.a(ashlhi.o)
                              pwm.o (__hc12_ashlhi)
/usr/local/lib/gcc-lib/hc12-coff/2.8.1/libgcc.a(cmpsf.o)
                              pwm.o (__hc12_cmpsf)
/usr/local/lib/gcc-lib/hc12-coff/2.8.1/libgcc.a(fltuhisf.o)
                              pwm.o (__hc12_floatunshisf)
/usr/local/lib/gcc-lib/hc12-coff/2.8.1/libgcc.a(fixusfhi.o)
                              pwm.o (__hc12_fixuns_truncsfhi)
/usr/local/lib/gcc-lib/hc12-coff/2.8.1/libgcc.a(negsf.o)
                              iostream.a(ostream_ls_float.o) (__hc12_negsf)
/usr/local/lib/gcc-lib/hc12-coff/2.8.1/libgcc.a(divsf.o)
                              iostream.a(ostream_ls_float.o) (__hc12_divsf)
/usr/local/lib/gcc-lib/hc12-coff/2.8.1/libgcc.a(fixsfhi.o)
                              iostream.a(ostream_ls_float.o) (__hc12_fix_truncsfhi)
/usr/local/lib/gcc-lib/hc12-coff/2.8.1/libgcc.a(lshrsi.o)
                              iostream.a(ostream_putl.o) (__hc12_lshrsi)
/usr/local/lib/gcc-lib/hc12-coff/2.8.1/libgcc.a(umodsi.o)
                              iostream.a(ostream_putl.o) (__hc12_umodsi)
/usr/local/lib/gcc-lib/hc12-coff/2.8.1/libgcc.a(udivsi.o)
                              iostream.a(ostream_putl.o) (__hc12_udivsi)
/usr/local/lib/gcc-lib/hc12-coff/2.8.1/libgcc.a(float.o)
                              /usr/local/lib/gcc-lib/hc12-coff/2.8.1/libgcc.a(tstsf.o) (fp_push_float)
/usr/local/lib/gcc-lib/hc12-coff/2.8.1/libgcc.a(sfsfsf.o)
                              /usr/local/lib/gcc-lib/hc12-coff/2.8.1/libgcc.a(mulsf.o) (__hc12_sfsfsf)
/usr/local/lib/gcc-lib/hc12-coff/2.8.1/libgcc.a(sfsf.o)
                              /usr/local/lib/gcc-lib/hc12-coff/2.8.1/libgcc.a(negsf.o) (__hc12_sfsf)
/usr/local/lib/gcc-lib/hc12-coff/2.8.1/libgcc.a(siop.o)
                              /usr/local/lib/gcc-lib/hc12-coff/2.8.1/libgcc.a(lshrsi.o) (__hc12_si_setup)
/usr/local/lib/gcc-lib/hc12-coff/2.8.1/libgcc.a(udivmdsi.o)
                              /usr/local/lib/gcc-lib/hc12-coff/2.8.1/libgcc.a(umodsi.o) (__hc1x_udivmodsi)

Memory Configuration

Name             Origin             Length             Attributes
*default*        0x00000000         0xffffffff

Linker script and memory map

                0x00007fff                _stack_top=0x7fff

.io             0x00000000      0x100
 *(.io)
 .io            0x00000000      0x100 chipio.o
                0x00000058                rsvd58
                0x00000045                pwscnt0
                0x00000096                tc3
                0x000000d8                rsvdD8
                0x00000024                brkd
                0x0000008c                tmsk1
                0x0000000b                moder
                0x00000094                tc2
                0x00000072                adr1
                0x00000008                porte
                0x00000018                itst0
                0x000000a0                pactl
                0x000000d0                spi0
                0x00000015                rtiflg
                0x00000050                pwdty01
                0x00000082                oc7m
                0x0000006f                portad
                0x0000008f                tflg2
                0x000000c8                rsvdC8
                0x0000004a                pwcnt23
                0x000000c0                sci0
                0x00000046                pwscal1
                0x00000001                portb
                0x00000010                initrm
                0x000000d7                ddrs
                0x0000001b                itst3
                0x00000022                brka
                0x000000ad                timtst
                0x000000f4                feelck
                0x00000066                atdstat0
                0x00000078                adr4
                0x0000000e                rsvd0E
                0x00000055                pwtst
                0x000000a1                paflg
                0x0000009c                tc6
                0x000000af                ddrt
                0x00000084                tcnt
                0x0000000d                rdriv
                0x000000fa                bsvr
                0x00000020                brkct0
                0x00000052                pwdty23
                0x00000062                atdctl2
                0x000000f2                eetst
                0x000000f9                bcr2
                0x0000001f                hprio
                0x00000088                tctl1
                0x0000009e                tc7
                0x00000016                copctl
                0x00000057                ddrp
                0x00000048                pwcnt01
                0x0000007a                adr5
                0x000000f5                feemcr
                0x00000002                ddra
                0x000000f1                eeprot
                0x0000008a                tctl3
                0x0000001c                rsvd1C
                0x00000087                tqcr
                0x00000098                tc4
                0x00000076                adr3
                0x000000fb                bdr
                0x00000013                misc
                0x000000fc                bard
                0x0000004c                pwper01
                0x0000000a                pear
                0x000000a2                pacnt
                0x00000021                brkct1
                0x0000006a                rsvd6A
                0x00000026                rsvd26
                0x0000004e                pwper23
                0x0000001a                itst2
                0x00000014                rtictl
                0x000000f3                eeprog
                0x00000068                atdtst
                0x000000f0                eemcr
                0x00000042                pwen
                0x00000063                atdctl3
                0x000000ae                portt
                0x0000009a                tc5
                0x000000fd                dlcscr
                0x00000041                pwpol
                0x0000001e                intcr
                0x000000b0                rsvdB0
                0x000000a4                rsvdA4
                0x00000054                pwctl
                0x00000081                cforc
                0x00000090                tc0
                0x00000080                tios
                0x00000056                portp
                0x0000008d                tmsk2
                0x000000dc                rsvdDC
                0x00000004                rsvd04
                0x00000017                coprst
                0x00000012                initee
                0x00000083                oc7d
                0x000000e0                rsvdE0
                0x00000092                tc1
                0x00000067                atdstat1
                0x0000007e                adr7
                0x00000011                initrg
                0x00000043                pwpres
                0x00000000                porta
                0x00000044                pwscal0
                0x00000086                tscr
                0x0000008e                tflg1
                0x000000f7                feectl
                0x000000f6                feetst
                0x00000009                ddre
                0x000000d6                ports
                0x00000070                adr0
                0x00000064                atdctl4
                0x00000065                atdctl5
                0x00000019                itst1
                0x00000074                adr2
                0x000000fe                portdlc
                0x00000047                pwscnt1
                0x00000003                ddrb
                0x000000f8                bcr1
                0x00000040                pwmclk
                0x000000db                purds
                0x00000061                atdctl1
                0x00000060                atdctl0
                0x0000000c                pucr
                0x000000ff                ddrdlc
                0x0000007c                adr6

.text           0x00001000     0x516a
 *(.text)
 .text          0x00001000       0x70 crt1.o
                0x00001000                crt1(void)
 .text          0x00001070      0x2cc hc12ictlr.o
                0x00001203                vsr9
                0x000010ac                HC12Ictlr::handlerTable(void)
                0x000010ac                vsr0
                0x00001190                vsr6
                0x0000129f                vsr13
                0x000010f8                vsr2
                0x0000122a                vsr10
                0x000011dc                vsr8
                0x00001070                HC12Ictlr::HC12Ictlr(void)
                0x00001314                vsr16
                0x00001278                vsr12
                0x00001144                vsr4
                0x0000116a                vsr5
                0x000012ed                vsr15
                0x00001093                HC12Ictlr::~HC12Ictlr(void)
                0x000012c6                vsr14
                0x000011b6                vsr7
                0x0000111e                vsr3
                0x00001251                vsr11
                0x000010d2                vsr1
 .text          0x0000133c       0xa5 HC12SciBuf.o
                0x0000133c                HC12SciBuf::HC12SciBuf(unsigned int, unsigned int, volatile sciport &)
                0x00001393                HC12SciBuf::recv(void)
                0x000013b6                HC12SciBuf::send(char)
                0x00001384                HC12SciBuf::avail(void)
                0x00001363                HC12SciBuf::~HC12SciBuf(void)
 .text          0x000013e1      0x10d Isr.o
                0x000013e1                Isr::Isr(Ictlr &, unsigned int)
                0x00001477                Ictlr::~Ictlr(void)
                0x0000149d                Ictlr::attach(Isr *)
                0x000014d4                Ictlr::runHandler(unsigned int)
                0x00001432                Ictlr::Ictlr(unsigned int)
                0x00001408                Isr::~Isr(void)
                0x000014b7                Ictlr::detach(Isr *)
 .text          0x000014ee     0x1af5 main.o
                0x000026ad                HC12RtiCmd::HC12RtiCmd(char const *, HC12Rti &)
                0x000015c5                TimerTask::delay(unsigned int)
                0x00002460                ServoDisplayCmd::ServoDisplayCmd(char const *, streambuf *, Servo &, unsigned int, unsigned int)
                0x000026c2                HC12RtiCmd::~HC12RtiCmd(void)
                0x0000297b                LTC1404Cmd::LTC1404Cmd(char const *, LTC1404 &)
                0x000014ee                Cmd::match(istream &)
                0x000026d9                HC12Rti::HC12Rti(Ictlr &, unsigned int, unsigned int)
                0x00002547                HelloCmd::~HelloCmd(void)
                0x00002577                PwmCmd::~PwmCmd(void)
                0x00002990                LTC1404Cmd::~LTC1404Cmd(void)
                0x00001f05                memory_handler(void)
                0x00001719                LTC1404::~LTC1404(void)
                0x000015a4                TimerTask::~TimerTask(void)
                0x00001b3a                PwmCmd::parse(istream &, ostream &)
                0x0000250e                DumpCmd::DumpCmd(char const *)
                0x00001933                HC12Rti::handler(void)
                0x00001829                LTC1404::read(void) const
                0x00001616                TimerTask::tick(void)
                0x00002406                ServoDisplayCmd::~ServoDisplayCmd(void)
                0x0000175c                LTC1404::main(void)
                0x0000161d                LTC1404::Session::measure(void)
                0x000024e7                ServoDisplayCmd::parse(istream &, ostream &)
                0x00001884                LTC1404Cmd::parse(istream &, ostream &)
                0x000015db                TimerTask::main(void)
                0x0000255e                PwmCmd::PwmCmd(char const *, PwmChannel &, PwmChannel &)
                0x00001969                HC12RtiCmd::parse(istream &, ostream &)
                0x00001cc9                DumpCmd::parse(istream &, ostream &)
                0x00002728                HC12Rti::~HC12Rti(void)
                0x00001998                CmdProc::present(Cmd **)
                0x00002536                HelloCmd::HelloCmd(char const *)
                0x00001564                TimerTask::TimerTask(unsigned int, unsigned int)
                0x0000251f                DumpCmd::~DumpCmd(void)
                0x00001a6a                CmdProc::getLine(char *, unsigned int)
                0x00001cb5                HelloCmd::parse(istream &, ostream &)
                0x00001f06                main
                0x00001ecf                ServoDisplayCmd::main(void)
                0x00001641                LTC1404::LTC1404(unsigned int, unsigned int, Spi &)
 .text          0x00002fe3       0x3e malloc.o
                0x00002fe3                malloc(unsigned int)
                0x00003020                free(void *)
 .text          0x00003021       0x2c new.o
                0x00003049                set_new_handler(void (*)(void))
                0x00003045                __builtin_delete
                0x00003031                __builtin_vec_delete
                0x00003035                __builtin_new
                0x00003021                __builtin_vec_new
 .text          0x0000304d      0x5cf pwm.o
                0x0000337f                PwmChannel::setDuty(float)
                0x0000344f                PwmChannel::handler(int, unsigned int)
                0x000031f4                PwmChannel::PwmChannel(PwmDriver &, int)
                0x00003107                PwmDriver::attach(PwmChannel *)
                0x0000304d                PwmDriver::PwmDriver(Ictlr &, unsigned int)
                0x00003442                PwmChannel::getDuty(void) const
                0x00003120                PwmDriver::handler(void)
                0x00003563                PwmDriver::~PwmDriver(void)
 .text          0x0000361c      0x13d SciBuf.o
                0x000036eb                SciBuf::overflow(int)
                0x00003681                SciBuf::~SciBuf(void)
                0x00003706                SciBuf::underflow(void)
                0x00003756                __pure_virtual
                0x000036af                SciBuf::sync(void)
                0x0000361c                SciBuf::SciBuf(unsigned int, unsigned int)
 .text          0x00003759      0x4e9 Task.o
                0x00003830                Task::yield(void)
                0x00003c26                Task::lowerThan(Task const *) const
                0x00003c21                Task::getPriority(void) const
                0x000039df                ModTimeTaskList::insert(TaskList::Node *)
                0x000037c9                TaskList::dequeue(void)
                0x00003bc2                PriorityTaskList::PriorityTaskList(void)
                0x00003b0f                Semaphore::wait(void)
                0x0000377f                TaskList::enqueue(int)
                0x00003b68                global destructors keyed to initTask
                0x000039c7                ModTimeTaskList::past(unsigned int)
                0x00003975                TaskList::remove(TaskList::Node *)
                0x00003bfd                TaskList::~TaskList(void)
                0x00003873                Task::Task(unsigned int, unsigned int)
                0x00003840                Task::main(void)
                0x00003c3e                Task::getCurrent(void)
                0x00003759                Task::changePriority(unsigned int)
                0x00003c14                TaskList::TaskList(void)
                0x00003b42                Semaphore::signal(void)
                0x00003bd4                ModTimeTaskList::~ModTimeTaskList(void)
                0x00003841                Task::start(void)
                0x00003942                TaskList::insert(TaskList::Node *)
                0x00003ab7                Mutex::acquire(void)
                0x00003beb                ModTimeTaskList::ModTimeTaskList(void)
                0x00003b7e                global constructors keyed to initTask
                0x00003772                Task::dispatch(void)
                0x00003aea                Mutex::release(void)
                0x000038f9                Task::fork(void)
                0x00003a37                PriorityTaskList::insert(TaskList::Node *)
                0x00003bab                PriorityTaskList::~PriorityTaskList(void)
                0x000038d1                Task::~Task(void)
 .text          0x00003c42       0x12 crt0.o
                0x00003c42                start
 .text          0x00003c54        0xc iostream.a(streambuf_in_avail.o)
                0x00003c54                streambuf::in_avail(void)
 .text          0x00003c60        0x4 iostream.a(streambuf_seekoff.o)
                0x00003c60                streambuf::seekoff(int, ios::seek_dir, int)
 .text          0x00003c64       0x1b iostream.a(streambuf_seekpos.o)
                0x00003c64                streambuf::seekpos(int, int)
 .text          0x00003c7f       0x87 iostream.a(streambuf_xsputn.o)
                0x00003c7f                streambuf::xsputn(char const *, int)
 .text          0x00003d06       0x68 iostream.a(streambuf_xsgetn.o)
                0x00003d06                streambuf::xsgetn(char *, int)
 .text          0x00003d6e        0x4 iostream.a(streambuf_putbackfail.o)
                0x00003d6e                streambuf::pbackfail(int)
 .text          0x00003d72       0x13 iostream.a(manip_setw.o)
                0x00003d79                setw(int)
 .text          0x00003d85       0xb4 iostream.a(istream_rs_charp.o)
                0x00003d85                istream::operator>>(char *)
 .text          0x00003e39       0x25 iostream.a(strcmp.o)
                0x00003e39                strcmp(char const *, char const *)
 .text          0x00003e5e       0x16 iostream.a(manip_endl.o)
                0x00003e5e                endl(ostream &)
 .text          0x00003e74       0x24 iostream.a(ostream_ls_charp.o)
                0x00003e74                ostream::operator<<(char const *)
 .text          0x00003e98       0x4d iostream.a(ostream_ls_int.o)
                0x00003e98                ostream::operator<<(int)
 .text          0x00003ee5      0x177 iostream.a(ostream_ls_float.o)
                0x00003ee5                ostream::operator<<(float)
 .text          0x0000405c       0x31 iostream.a(ostream_ls_ulong.o)
                0x0000405c                ostream::operator<<(unsigned long)
 .text          0x0000408d       0x29 iostream.a(ostream_ctor_streambuf.o)
                0x0000408d                ostream::ostream(int, streambuf *)
 .text          0x000040b6        0xc iostream.a(manip_flush.o)
                0x000040b6                flush(ostream &)
 .text          0x000040c2       0x56 iostream.a(istrstream_ctor_charp.o)
                0x000040c2                istrstream::istrstream(int, char *)
 .text          0x00004118       0x54 iostream.a(istrstream_dtor.o)
                0x00004118                istrstream::~istrstream(void)
 .text          0x0000416c       0x29 iostream.a(istream_ctor_streambuf.o)
                0x0000416c                istream::istream(int, streambuf *)
 .text          0x00004195       0x52 iostream.a(istream_get.o)
                0x00004195                istream::get(void)
 .text          0x000041e7       0x3e iostream.a(ostream_dtor.o)
                0x000041e7                ostream::~ostream(void)
 .text          0x00004225       0x3b iostream.a(istream_dtor.o)
                0x00004225                istream::~istream(void)
 .text          0x00004260       0x11 iostream.a(isprint.o)
                0x00004260                isprint(int)
 .text          0x00004271       0x33 iostream.a(ostream_ls_char.o)
                0x00004271                ostream::operator<<(char)
 .text          0x000042a4      0x20d iostream.a(istream_rs_float.o)
                0x000042a4                istream::operator>>(float &)
 .text          0x000044b1        0xd iostream.a(manip_hex.o)
                0x000044b1                hex(ios &)
 .text          0x000044be       0x16 iostream.a(istream_rs_uint.o)
                0x000044be                istream::operator>>(unsigned int &)
 .text          0x000044d4       0x24 iostream.a(ostream_ls_uint.o)
                0x000044d4                ostream::operator<<(unsigned int)
 .text          0x000044f8       0x1d iostream.a(memcpy.o)
                0x000044f8                memcpy
 .text          0x00004515       0x3a iostream.a(manip_ws.o)
                0x00004515                ws(istream &)
 .text          0x0000454f       0x38 iostream.a(streambuf_ctor.o)
                0x0000454f                streambuf::streambuf(void)
 .text          0x00004587       0x10 iostream.a(streambuf_setg.o)
                0x00004587                streambuf::setg(char *, char *, char *)
 .text          0x00004597        0xd iostream.a(streambuf_setp.o)
                0x00004597                streambuf::setp(char *, char *)
 .text          0x000045a4       0x2d iostream.a(streambuf_dtor.o)
                0x000045a4                streambuf::~streambuf(void)
 .text          0x000045d1       0x29 iostream.a(streambuf_sputc.o)
                0x000045d1                streambuf::sputc(int)
 .text          0x000045fa      0x110 iostream.a(istream_ipfx.o)
                0x000045fa                istream::ipfx(int)
 .text          0x0000470a       0x18 iostream.a(streambuf_sgetc.o)
                0x0000470a                streambuf::sgetc(void)
 .text          0x00004722       0x17 iostream.a(isspace.o)
                0x00004722                isspace(int)
 .text          0x00004739       0x31 iostream.a(streambuf_snextc.o)
                0x00004739                streambuf::snextc(void)
 .text          0x0000476a       0x4f iostream.a(ostream_put.o)
                0x0000476a                ostream::put(char)
 .text          0x000047b9       0x38 iostream.a(ostream_flush.o)
                0x000047b9                ostream::flush(void)
 .text          0x000047f1       0x55 iostream.a(ostream_opfx.o)
                0x000047f1                ostream::opfx(void)
 .text          0x00004846      0x1f3 iostream.a(ostream_puts.o)
                0x00004846                ostream::puts(char const *, char const *)
 .text          0x00004a39       0x4c iostream.a(ostream_osfx.o)
                0x00004a39                ostream::osfx(void)
 .text          0x00004a85      0x183 iostream.a(ostream_puti.o)
                0x00004a85                ostream::puti(unsigned int, int)
 .text          0x00004c08      0x1bb iostream.a(ostream_putl.o)
                0x00004c08                ostream::putl(unsigned long, int)
 .text          0x00004dc3       0x1e iostream.a(ios_ctor_streambuf.o)
                0x00004dc3                ios::ios(streambuf *)
 .text          0x00004de1       0x1f iostream.a(ios_ctor.o)
                0x00004de1                ios::ios(void)
 .text          0x00004e00       0x51 iostream.a(strstreambase_ctor_buf.o)
                0x00004e00                strstreambase::strstreambase(int, char *, int, char *)
 .text          0x00004e51       0x46 iostream.a(strstreambase_dtor.o)
                0x00004e51                strstreambase::~strstreambase(void)
 .text          0x00004e97       0x17 iostream.a(ios_dtor.o)
                0x00004e97                ios::~ios(void)
 .text          0x00004eae       0x2e iostream.a(streambuf_sbumpc.o)
                0x00004eae                streambuf::sbumpc(void)
 .text          0x00004edc       0x11 iostream.a(isdigit.o)
                0x00004edc                isdigit(int)
 .text          0x00004eed      0x19b iostream.a(istream_rs_int.o)
                0x00004eed                istream::operator>>(int &)
 .text          0x00005088        0x3 iostream.a(streambuf_sync.o)
                0x00005088                streambuf::sync(void)
 .text          0x0000508b        0x4 iostream.a(streambuf_overflow.o)
                0x0000508b                streambuf::overflow(int)
 .text          0x0000508f        0x4 iostream.a(streambuf_underflow.o)
                0x0000508f                streambuf::underflow(void)
 .text          0x00005093       0x1a iostream.a(streambuf_stossc.o)
                0x00005093                streambuf::stossc(void)
 .text          0x000050ad       0x14 iostream.a(strlen.o)
                0x000050ad                strlen(char const *)
 .text          0x000050c1       0x13 iostream.a(strcpy.o)
                0x000050c1                strcpy(char *, char const *)
 .text          0x000050d4       0x30 iostream.a(ios_init.o)
                0x000050d4                ios::init(streambuf *, ostream *)
 .text          0x00005104       0x25 iostream.a(strstreambuf_ctor_buf.o)
                0x00005104                strstreambuf::strstreambuf(char *, int, char *)
 .text          0x00005129       0x14 iostream.a(strstreambuf_dtor.o)
                0x00005129                strstreambuf::~strstreambuf(void)
 .text          0x0000513d        0xe iostream.a(tolower.o)
                0x0000513d                tolower(int)
 .text          0x0000514b       0x55 iostream.a(strstreambuf_init.o)
                0x0000514b                strstreambuf::init(char *, int, char *)
 .text          0x000051a0        0x4 iostream.a(strstreambuf_overflow.o)
                0x000051a0                strstreambuf::overflow(int)
 .text          0x000051a4       0xad iostream.a(strstreambuf_underflow.o)
                0x000051a4                strstreambuf::underflow(void)
 .text          0x00005251       0x28 iostream.a(streambuf_setb.o)
                0x00005251                streambuf::setb(char *, char *, int)
 *(.const)
 .const         0x00005279        0x6 hc12ictlr.o
                0x00005279                HC12Ictlr virtual table
 .const         0x0000527f       0x1e HC12SciBuf.o
                0x0000527f                HC12SciBuf virtual table
 .const         0x0000529d        0xe Isr.o
                0x0000529d                Ictlr virtual table
                0x000052a3                Isr virtual table
 .const         0x000052ab      0x33b main.o
                0x0000558a                LTC1404Cmd virtual table
                0x0000552e                ServoDisplayCmd virtual table
                0x0000556a                HC12RtiCmd virtual table
                0x00005572                HC12Rti::TimerTask virtual table
                0x00005548                HelloCmd virtual table
                0x00005538                ServoDisplayCmd::Task virtual table
                0x0000557a                HC12Rti virtual table
                0x00005592                LTC1404 virtual table
                0x0000559a                TimerTask virtual table
                0x00005550                PwmCmd virtual table
                0x00005540                DumpCmd virtual table
 .const         0x000055e6       0x14 pwm.o
                0x000055f2                PwmDriver virtual table
 .const         0x000055fa       0x1e SciBuf.o
                0x000055fa                SciBuf virtual table
 .const         0x00005618       0x20 Task.o
                0x00005618                PriorityTaskList virtual table
                0x00005620                ModTimeTaskList virtual table
                0x00005630                Task virtual table
                0x00005628                TaskList virtual table
 .const         0x00005638       0xa8 iostream.a(ostream_ls_float.o)
 .const         0x000056e0        0x6 iostream.a(istrstream_dtor.o)
                0x000056e0                istrstream::ios virtual table
 .const         0x000056e6        0x6 iostream.a(ostream_dtor.o)
                0x000056e6                ostream::ios virtual table
 .const         0x000056ec        0x6 iostream.a(istream_dtor.o)
                0x000056ec                istream::ios virtual table
 .const         0x000056f2        0xc iostream.a(istream_rs_float.o)
 .const         0x000056fe       0x18 iostream.a(streambuf_dtor.o)
                0x000056fe                streambuf virtual table
 .const         0x00005716       0x2d iostream.a(ostream_puti.o)
 .const         0x00005743       0x2d iostream.a(ostream_putl.o)
 .const         0x00005770        0x6 iostream.a(strstreambase_dtor.o)
                0x00005770                strstreambase::ios virtual table
 .const         0x00005776        0x6 iostream.a(ios_dtor.o)
                0x00005776                ios virtual table
 .const         0x0000577c       0x18 iostream.a(strstreambuf_dtor.o)
                0x0000577c                strstreambuf virtual table
 .const         0x00005794       0x48 /usr/local/lib/gcc-lib/hc12-coff/2.8.1/libgcc.a(flthisf.o)
                0x00005794                __hc12_floathisf
 .const         0x000057dc        0x9 /usr/local/lib/gcc-lib/hc12-coff/2.8.1/libgcc.a(mulsf.o)
                0x000057dc                __hc12_mulsf
 .const         0x000057e5       0x54 /usr/local/lib/gcc-lib/hc12-coff/2.8.1/libgcc.a(tstsf.o)
                0x000057e5                __hc12_tstsf
 .const         0x00005839        0x9 /usr/local/lib/gcc-lib/hc12-coff/2.8.1/libgcc.a(subsf.o)
                0x00005839                __hc12_subsf
 .const         0x00005842        0x9 /usr/local/lib/gcc-lib/hc12-coff/2.8.1/libgcc.a(addsf.o)
                0x00005842                __hc12_addsf
 .const         0x0000584b        0xa /usr/local/lib/gcc-lib/hc12-coff/2.8.1/libgcc.a(ashlhi.o)
                0x0000584b                __hc12_ashlhi
 .const         0x00005855       0x63 /usr/local/lib/gcc-lib/hc12-coff/2.8.1/libgcc.a(cmpsf.o)
                0x00005855                __hc12_cmpsf
 .const         0x000058b8       0x48 /usr/local/lib/gcc-lib/hc12-coff/2.8.1/libgcc.a(fltuhisf.o)
                0x000058b8                __hc12_floatunshisf
 .const         0x00005900       0x4a /usr/local/lib/gcc-lib/hc12-coff/2.8.1/libgcc.a(fixusfhi.o)
                0x00005900                __hc12_fixuns_truncsfhi
 .const         0x0000594a        0x9 /usr/local/lib/gcc-lib/hc12-coff/2.8.1/libgcc.a(negsf.o)
                0x0000594a                __hc12_negsf
 .const         0x00005953        0x9 /usr/local/lib/gcc-lib/hc12-coff/2.8.1/libgcc.a(divsf.o)
                0x00005953                __hc12_divsf
 .const         0x0000595c       0x4a /usr/local/lib/gcc-lib/hc12-coff/2.8.1/libgcc.a(fixsfhi.o)
                0x0000595c                __hc12_fix_truncsfhi
 .const         0x000059a6       0x18 /usr/local/lib/gcc-lib/hc12-coff/2.8.1/libgcc.a(lshrsi.o)
                0x000059a6                __hc12_lshrsi
 .const         0x000059be       0x1e /usr/local/lib/gcc-lib/hc12-coff/2.8.1/libgcc.a(umodsi.o)
                0x000059be                __hc12_umodsi
 .const         0x000059dc       0x1a /usr/local/lib/gcc-lib/hc12-coff/2.8.1/libgcc.a(udivsi.o)
                0x000059dc                __hc12_udivsi
 .const         0x000059f6      0x608 /usr/local/lib/gcc-lib/hc12-coff/2.8.1/libgcc.a(float.o)
                0x00005c71                fp_add
                0x00005c66                fp_abs
                0x00005b1d                fp_pop_int
                0x00005c09                fp_max
                0x00005c1b                fp_cmp
                0x00005d27                fp_div
                0x00005be3                fp_drop
                0x00005c5d                fp_neg
                0x00005dae                fp_mod
                0x00005ac8                fp_pop_uint
                0x00005a4f                fp_push_ulong
                0x00005bb6                fp_dup
                0x00005bf7                fp_min
                0x00005a1b                fp_pop_float
                0x00005a92                fp_push_long
                0x00005b45                fp_pop_long
                0x00005cd9                fp_mul
                0x00005b88                fp_int
                0x000059f6                fp_push_float
                0x00005b8f                fp_frac
                0x00005bcc                fp_over
                0x00005c69                fp_sub
                0x00005b99                fp_swap
                0x00005ade                fp_pop_ulong
                0x00005a3e                fp_push_uint
                0x00005beb                fp_tst
                0x00005a7b                fp_push_int
 .const         0x00005ffe       0x6e /usr/local/lib/gcc-lib/hc12-coff/2.8.1/libgcc.a(sfsfsf.o)
                0x00005ffe                __hc12_sfsfsf
 .const         0x0000606c       0x5e /usr/local/lib/gcc-lib/hc12-coff/2.8.1/libgcc.a(sfsf.o)
                0x0000606c                __hc12_sfsf
 .const         0x000060ca       0x41 /usr/local/lib/gcc-lib/hc12-coff/2.8.1/libgcc.a(siop.o)
                0x00006101                __hc12_si_3_cleanup
                0x000060ca                __hc12_si_setup
                0x000060f9                __hc12_si_1_cleanup
                0x000060fd                __hc12_si_2_cleanup
 .const         0x0000610b       0x5b /usr/local/lib/gcc-lib/hc12-coff/2.8.1/libgcc.a(udivmdsi.o)
                0x0000610b                __hc1x_udivmodsi
                0x00006166                _ctor_beg=.
 *(.ctor)
 .ctor          0x00006166        0x2 Task.o
                0x00006168                _ctor_end=.
                0x00006168                _dtor_beg=.
 *(.dtor)
 .dtor          0x00006168        0x2 Task.o
                0x0000616a                _dtor_end=.

.data           0x0000616a       0x15
 *(.data)
 .data          0x0000616a        0x2 hc12ictlr.o
                0x0000616a                HC12Ictlr::theHC12Ictlr
 .data          0x0000616c        0x2 main.o
                0x0000616c                TimerTask::the
 .data          0x0000616e       0x11 Task.o
                0x0000616e                initTask
                0x00006178                _readyList
                0x0000617d                readyList
                0x00006176                Task::current

.bss            0x0000617f        0x6
                0x0000617f                _bss_beg=.
 *(.bss)
 .bss           0x0000617f        0x4 malloc.o
 .bss           0x00006183        0x2 new.o
 *(COMMON)
                0x00006185                _bss_end=.

.heap           0x00006185        0x0
                0x00006185                _heap_beg=.
 *(.heap)
                0x00006185                _heap_end=.

.vectors        0x00000b00       0x40
 *(.vectors)
 .vectors       0x00000b00       0x40 vectors.o
LOAD chipio.o
LOAD crt1.o
LOAD hc12ictlr.o
LOAD HC12SciBuf.o
LOAD Isr.o
LOAD main.o
LOAD malloc.o
LOAD new.o
LOAD pwm.o
LOAD SciBuf.o
LOAD Task.o
LOAD crt0.o
LOAD vectors.o
LOAD iostream.a
LOAD /usr/local/lib/gcc-lib/hc12-coff/2.8.1/libgcc.a
LOAD /usr/local/lib/gcc-lib/hc12-coff/2.8.1/libgcc.a
OUTPUT(tec.o coff-hc1x)

.stab           0x00000b40    0x28830
 .stab          0x00000b40      0x858 chipio.o
 .stab          0x00001398      0x300 crt1.o
 .stab          0x00001698      0xfd8 hc12ictlr.o
 .stab          0x00002670      0x9f0 HC12SciBuf.o
 .stab          0x00003060      0x6d8 Isr.o
 .stab          0x00003738     0x96a8 main.o
 .stab          0x0000cde0      0x2d0 malloc.o
 .stab          0x0000d0b0      0x3c0 new.o
 .stab          0x0000d470     0x1c74 pwm.o
 .stab          0x0000f0e4      0x894 SciBuf.o
 .stab          0x0000f978     0x2b44 Task.o
 .stab          0x000124bc      0x42c iostream.a(streambuf_in_avail.o)
 .stab          0x000128e8      0x42c iostream.a(streambuf_seekoff.o)
 .stab          0x00012d14      0x444 iostream.a(streambuf_seekpos.o)
 .stab          0x00013158      0x768 iostream.a(streambuf_xsputn.o)
 .stab          0x000138c0      0x720 iostream.a(streambuf_xsgetn.o)
 .stab          0x00013fe0      0x42c iostream.a(streambuf_putbackfail.o)
 .stab          0x0001440c      0x5d0 iostream.a(manip_setw.o)
 .stab          0x000149dc      0x840 iostream.a(istream_rs_charp.o)
 .stab          0x0001521c      0x1e0 iostream.a(strcmp.o)
 .stab          0x000153fc      0x444 iostream.a(manip_endl.o)
 .stab          0x00015840      0x45c iostream.a(ostream_ls_charp.o)
 .stab          0x00015c9c      0x540 iostream.a(ostream_ls_int.o)
 .stab          0x000161dc      0x7ec iostream.a(ostream_ls_float.o)
 .stab          0x000169c8      0x468 iostream.a(ostream_ls_ulong.o)
 .stab          0x00016e30      0x45c iostream.a(ostream_ctor_streambuf.o)
 .stab          0x0001728c      0x438 iostream.a(manip_flush.o)
 .stab          0x000176c4      0x588 iostream.a(istrstream_ctor_charp.o)
 .stab          0x00017c4c      0x4f8 iostream.a(istrstream_dtor.o)
 .stab          0x00018144      0x45c iostream.a(istream_ctor_streambuf.o)
 .stab          0x000185a0      0x5f4 iostream.a(istream_get.o)
 .stab          0x00018b94      0x444 iostream.a(ostream_dtor.o)
 .stab          0x00018fd8      0x438 iostream.a(istream_dtor.o)
 .stab          0x00019410      0x18c iostream.a(isprint.o)
 .stab          0x0001959c      0x4bc iostream.a(ostream_ls_char.o)
 .stab          0x00019a58      0xb34 iostream.a(istream_rs_float.o)
 .stab          0x0001a58c      0x4bc iostream.a(manip_hex.o)
 .stab          0x0001aa48      0x45c iostream.a(istream_rs_uint.o)
 .stab          0x0001aea4      0x45c iostream.a(ostream_ls_uint.o)
 .stab          0x0001b300      0x21c iostream.a(memcpy.o)
 .stab          0x0001b51c      0x57c iostream.a(manip_ws.o)
 .stab          0x0001ba98      0x48c iostream.a(streambuf_ctor.o)
 .stab          0x0001bf24      0x468 iostream.a(streambuf_setg.o)
 .stab          0x0001c38c      0x45c iostream.a(streambuf_setp.o)
 .stab          0x0001c7e8      0x450 iostream.a(streambuf_dtor.o)
 .stab          0x0001cc38      0x45c iostream.a(streambuf_sputc.o)
 .stab          0x0001d094      0xae0 iostream.a(istream_ipfx.o)
 .stab          0x0001db74      0x444 iostream.a(streambuf_sgetc.o)
 .stab          0x0001dfb8      0x1a4 iostream.a(isspace.o)
 .stab          0x0001e15c      0x450 iostream.a(streambuf_snextc.o)
 .stab          0x0001e5ac      0x66c iostream.a(ostream_put.o)
 .stab          0x0001ec18      0x588 iostream.a(ostream_flush.o)
 .stab          0x0001f1a0      0x6e4 iostream.a(ostream_opfx.o)
 .stab          0x0001f884     0x11dc iostream.a(ostream_puts.o)
 .stab          0x00020a60      0x540 iostream.a(ostream_osfx.o)
 .stab          0x00020fa0      0x9f0 iostream.a(ostream_puti.o)
 .stab          0x00021990      0x9f0 iostream.a(ostream_putl.o)
 .stab          0x00022380      0x438 iostream.a(ios_ctor_streambuf.o)
 .stab          0x000227b8      0x42c iostream.a(ios_ctor.o)
 .stab          0x00022be4      0x540 iostream.a(strstreambase_ctor_buf.o)
 .stab          0x00023124      0x4f8 iostream.a(strstreambase_dtor.o)
 .stab          0x0002361c      0x444 iostream.a(ios_dtor.o)
 .stab          0x00023a60      0x444 iostream.a(streambuf_sbumpc.o)
 .stab          0x00023ea4      0x18c iostream.a(isdigit.o)
 .stab          0x00024030      0xe28 iostream.a(istream_rs_int.o)
 .stab          0x00024e58      0x42c iostream.a(streambuf_sync.o)
 .stab          0x00025284      0x42c iostream.a(streambuf_overflow.o)
 .stab          0x000256b0      0x42c iostream.a(streambuf_underflow.o)
 .stab          0x00025adc      0x444 iostream.a(streambuf_stossc.o)
 .stab          0x00025f20      0x1e0 iostream.a(strlen.o)
 .stab          0x00026100      0x1ec iostream.a(strcpy.o)
 .stab          0x000262ec      0x498 iostream.a(ios_init.o)
 .stab          0x00026784      0x510 iostream.a(strstreambuf_ctor_buf.o)
 .stab          0x00026c94      0x4f8 iostream.a(strstreambuf_dtor.o)
 .stab          0x0002718c      0x18c iostream.a(tolower.o)
 .stab          0x00027318      0x774 iostream.a(strstreambuf_init.o)
 .stab          0x00027a8c      0x4ec iostream.a(strstreambuf_overflow.o)
 .stab          0x00027f78      0xf78 iostream.a(strstreambuf_underflow.o)
 .stab          0x00028ef0      0x480 iostream.a(streambuf_setb.o)

.stabstr        0x00029370    0x59588
 .stabstr       0x00029370      0xc72 chipio.o
 .stabstr       0x00029fe2      0x335 crt1.o
 .stabstr       0x0002a317      0xe03 hc12ictlr.o
 .stabstr       0x0002b11a     0x2674 HC12SciBuf.o
 .stabstr       0x0002d78e      0xb2d Isr.o
 .stabstr       0x0002e2bb     0x73bd main.o
 .stabstr       0x00035678      0x372 malloc.o
 .stabstr       0x000359ea      0x3cf new.o
 .stabstr       0x00035db9     0x17d5 pwm.o
 .stabstr       0x0003758e     0x1488 SciBuf.o
 .stabstr       0x00038a16     0x1744 Task.o
 .stabstr       0x0003a15a     0x11cb iostream.a(streambuf_in_avail.o)
 .stabstr       0x0003b325     0x11da iostream.a(streambuf_seekoff.o)
 .stabstr       0x0003c4ff     0x11da iostream.a(streambuf_seekpos.o)
 .stabstr       0x0003d6d9     0x12c1 iostream.a(streambuf_xsputn.o)
 .stabstr       0x0003e99a     0x12bb iostream.a(streambuf_xsgetn.o)
 .stabstr       0x0003fc55     0x11d0 iostream.a(streambuf_putbackfail.o)
 .stabstr       0x00040e25     0x12d7 iostream.a(manip_setw.o)
 .stabstr       0x000420fc     0x127d iostream.a(istream_rs_charp.o)
 .stabstr       0x00043379      0x33d iostream.a(strcmp.o)
 .stabstr       0x000436b6     0x11c0 iostream.a(manip_endl.o)
 .stabstr       0x00044876     0x11d2 iostream.a(ostream_ls_charp.o)
 .stabstr       0x00045a48     0x11e7 iostream.a(ostream_ls_int.o)
 .stabstr       0x00046c2f     0x1296 iostream.a(ostream_ls_float.o)
 .stabstr       0x00047ec5     0x11d0 iostream.a(ostream_ls_ulong.o)
 .stabstr       0x00049095     0x11f8 iostream.a(ostream_ctor_streambuf.o)
 .stabstr       0x0004a28d     0x11c2 iostream.a(manip_flush.o)
 .stabstr       0x0004b44f     0x1737 iostream.a(istrstream_ctor_charp.o)
 .stabstr       0x0004cb86     0x1705 iostream.a(istrstream_dtor.o)
 .stabstr       0x0004e28b     0x11f8 iostream.a(istream_ctor_streambuf.o)
 .stabstr       0x0004f483     0x11f8 iostream.a(istream_get.o)
 .stabstr       0x0005067b     0x11e1 iostream.a(ostream_dtor.o)
 .stabstr       0x0005185c     0x11e1 iostream.a(istream_dtor.o)
 .stabstr       0x00052a3d      0x307 iostream.a(isprint.o)
 .stabstr       0x00052d44     0x11e0 iostream.a(ostream_ls_char.o)
 .stabstr       0x00053f24     0x12e7 iostream.a(istream_rs_float.o)
 .stabstr       0x0005520b     0x11df iostream.a(manip_hex.o)
 .stabstr       0x000563ea     0x11d4 iostream.a(istream_rs_uint.o)
 .stabstr       0x000575be     0x11cb iostream.a(ostream_ls_uint.o)
 .stabstr       0x00058789      0x355 iostream.a(memcpy.o)
 .stabstr       0x00058ade     0x11f0 iostream.a(manip_ws.o)
 .stabstr       0x00059cce     0x11c0 iostream.a(streambuf_ctor.o)
 .stabstr       0x0005ae8e     0x11db iostream.a(streambuf_setg.o)
 .stabstr       0x0005c069     0x11ea iostream.a(streambuf_setp.o)
 .stabstr       0x0005d253     0x11e2 iostream.a(streambuf_dtor.o)
 .stabstr       0x0005e435     0x11d0 iostream.a(streambuf_sputc.o)
 .stabstr       0x0005f605     0x12e4 iostream.a(istream_ipfx.o)
 .stabstr       0x000608e9     0x11c5 iostream.a(streambuf_sgetc.o)
 .stabstr       0x00061aae      0x307 iostream.a(isspace.o)
 .stabstr       0x00061db5     0x11c7 iostream.a(streambuf_snextc.o)
 .stabstr       0x00062f7c     0x121a iostream.a(ostream_put.o)
 .stabstr       0x00064196     0x11fd iostream.a(ostream_flush.o)
 .stabstr       0x00065393     0x122f iostream.a(ostream_opfx.o)
 .stabstr       0x000665c2     0x1499 iostream.a(ostream_puts.o)
 .stabstr       0x00067a5b     0x11f8 iostream.a(ostream_osfx.o)
 .stabstr       0x00068c53     0x12da iostream.a(ostream_puti.o)
 .stabstr       0x00069f2d     0x12e3 iostream.a(ostream_putl.o)
 .stabstr       0x0006b210     0x11d1 iostream.a(ios_ctor_streambuf.o)
 .stabstr       0x0006c3e1     0x11b4 iostream.a(ios_ctor.o)
 .stabstr       0x0006d595     0x171e iostream.a(strstreambase_ctor_buf.o)
 .stabstr       0x0006ecb3     0x170e iostream.a(strstreambase_dtor.o)
 .stabstr       0x000703c1     0x11dd iostream.a(ios_dtor.o)
 .stabstr       0x0007159e     0x11c7 iostream.a(streambuf_sbumpc.o)
 .stabstr       0x00072765      0x307 iostream.a(isdigit.o)
 .stabstr       0x00072a6c     0x1344 iostream.a(istream_rs_int.o)
 .stabstr       0x00073db0     0x11c3 iostream.a(streambuf_sync.o)
 .stabstr       0x00074f73     0x11cc iostream.a(streambuf_overflow.o)
 .stabstr       0x0007613f     0x11cd iostream.a(streambuf_underflow.o)
 .stabstr       0x0007730c     0x11c8 iostream.a(streambuf_stossc.o)
 .stabstr       0x000784d4      0x336 iostream.a(strlen.o)
 .stabstr       0x0007880a      0x353 iostream.a(strcpy.o)
 .stabstr       0x00078b5d     0x11de iostream.a(ios_init.o)
 .stabstr       0x00079d3b     0x1701 iostream.a(strstreambuf_ctor_buf.o)
 .stabstr       0x0007b43c     0x1706 iostream.a(strstreambuf_dtor.o)
 .stabstr       0x0007cb42      0x307 iostream.a(tolower.o)
 .stabstr       0x0007ce49     0x17aa iostream.a(strstreambuf_init.o)
 .stabstr       0x0007e5f3     0x16ec iostream.a(strstreambuf_overflow.o)
 .stabstr       0x0007fcdf     0x1a3f iostream.a(strstreambuf_underflow.o)
 .stabstr       0x0008171e     0x11da iostream.a(streambuf_setb.o)
