   1              	; $Id: vectors.s,v 1.1 2004/10/04 19:45:33 querbach Exp $
   2              	
   3              	; vectors.s			   Copyright (C) 2002, Real-Time Systems Inc.
   4              	;-------------------------------------------- All Rights Reserved -----------
   5              	;
   6              	;	System Vector Table
   7              	;
   8              	;----------------------------------------------------------------------------
   9              	
  10              		section	.vectors
  11              	
  12 0000 0000     		dc.w	0
  13 0002 0000     		dc.w	0
  14 0004 0000     		dc.w	0
  15 0006 0000     		dc.w	0
  16 0008 0000     		dc.w	0
  17 000a 0000     		dc.w	0
  18 000c 0000     		dc.w	0
  19 000e 0000     		dc.w	0
  20              	
  21 0010 0000     		dc.w	vsr0
  22 0012 0000     		dc.w	vsr1
  23 0014 0000     	        dc.w	0
  24 0016 0000     		dc.w	vsr2
  25 0018 0000     		dc.w	vsr3
  26 001a 0000     		dc.w	vsr4
  27 001c 0000     		dc.w	vsr5
  28 001e 0000     		dc.w	vsr6
  29              	
  30 0020 0000     		dc.w	vsr7
  31 0022 0000     		dc.w	vsr8
  32 0024 0000     		dc.w	vsr9
  33 0026 0000     		dc.w	vsr10
  34 0028 0000     		dc.w	vsr11
  35 002a 0000     		dc.w	vsr12
  36 002c 0000     		dc.w	vsr13
  37 002e 0000     		dc.w	vsr14
  38              	
  39 0030 0000     		dc.w	vsr15
  40 0032 0000     		dc.w	vsr16
  41 0034 0000     		dc.w	0
  42 0036 0000     		dc.w	0
  43 0038 0000     		dc.w	0
  44 003a 0000     		dc.w	0
  45 003c 0000     		dc.w	0
  46 003e 0000     		dc.w	_start
  47              	
